#! /c/Source/iverilog-install/bin/vvp
:ivl_version "12.0 (devel)" "(s20150603-1539-g2693dd32b)";
:ivl_delay_selection "TYPICAL";
:vpi_time_precision + 0;
:vpi_module "C:\iverilog\lib\ivl\system.vpi";
:vpi_module "C:\iverilog\lib\ivl\vhdl_sys.vpi";
:vpi_module "C:\iverilog\lib\ivl\vhdl_textio.vpi";
:vpi_module "C:\iverilog\lib\ivl\v2005_math.vpi";
:vpi_module "C:\iverilog\lib\ivl\va_math.vpi";
S_0000023fda5be200 .scope module, "reciever" "reciever" 2 1;
 .timescale 0 0;
    .port_info 0 /INPUT 1 "serialData";
    .port_info 1 /INPUT 1 "reset";
    .port_info 2 /OUTPUT 8 "parallelData";
P_0000023fda5be390 .param/l "s0" 1 2 13, C4<00>;
P_0000023fda5be3c8 .param/l "s1" 1 2 14, C4<01>;
P_0000023fda5be400 .param/l "s2" 1 2 15, C4<10>;
v0000023fda6096c0_0 .net "count", 2 0, v0000023fda5b42f0_0;  1 drivers
v0000023fda609a80_0 .var "error", 0 0;
v0000023fda609760_0 .var "nextState", 1 0;
v0000023fda609940_0 .var "parallelData", 7 0;
o0000023fda5c2358 .functor BUFZ 1, C4<z>; HiZ drive
v0000023fda609e40_0 .net "reset", 0 0, o0000023fda5c2358;  0 drivers
v0000023fda6094e0_0 .net "sampleSignal", 0 0, L_0000023fda6091c0;  1 drivers
o0000023fda5c2388 .functor BUFZ 1, C4<z>; HiZ drive
v0000023fda609ee0_0 .net "serialData", 0 0, o0000023fda5c2388;  0 drivers
v0000023fda609120_0 .var "state", 1 0;
E_0000023fda5a69a0 .event anyedge, v0000023fda609ee0_0, v0000023fda609120_0;
E_0000023fda5a6660 .event anyedge, v0000023fda5b4020_0;
S_0000023fda5ba890 .scope module, "baud" "baudRateGen" 2 5, 3 1 0, S_0000023fda5be200;
 .timescale 0 0;
    .port_info 0 /INPUT 1 "clk";
    .port_info 1 /INPUT 1 "reset";
    .port_info 2 /OUTPUT 9 "clkCount";
    .port_info 3 /OUTPUT 1 "sampleSignal";
P_0000023fda5be440 .param/l "baudRate" 0 3 3, +C4<00000000000000000010010110000000>;
P_0000023fda5be478 .param/l "clkFreq" 0 3 2, +C4<00000010111110101111000010000000>;
P_0000023fda5be4b0 .param/l "divisor" 0 3 11, +C4<00000000000000000001010001011000>;
v0000023fda676f00_0 .net *"_ivl_0", 31 0, L_0000023fda609b20;  1 drivers
L_0000023fda60a858 .functor BUFT 1, C4<00000000000000000000000>, C4<0>, C4<0>, C4<0>;
v0000023fda676a80_0 .net *"_ivl_3", 22 0, L_0000023fda60a858;  1 drivers
L_0000023fda60a8a0 .functor BUFT 1, C4<00000000000000000001010001011000>, C4<0>, C4<0>, C4<0>;
v0000023fda5baa20_0 .net/2u *"_ivl_4", 31 0, L_0000023fda60a8a0;  1 drivers
o0000023fda5c2028 .functor BUFZ 1, C4<z>; HiZ drive
v0000023fda5baac0_0 .net "clk", 0 0, o0000023fda5c2028;  0 drivers
v0000023fda5bab60_0 .var "clkCount", 8 0;
o0000023fda5c2088 .functor BUFZ 1, C4<z>; HiZ drive
v0000023fda5bac00_0 .net "reset", 0 0, o0000023fda5c2088;  0 drivers
v0000023fda5b4020_0 .net "sampleSignal", 0 0, L_0000023fda6091c0;  alias, 1 drivers
E_0000023fda5a6420 .event posedge, v0000023fda5baac0_0;
L_0000023fda609b20 .concat [ 9 23 0 0], v0000023fda5bab60_0, L_0000023fda60a858;
L_0000023fda6091c0 .cmp/eq 32, L_0000023fda609b20, L_0000023fda60a8a0;
S_0000023fda5b40c0 .scope module, "counter" "counter8" 2 6, 4 1 0, S_0000023fda5be200;
 .timescale 0 0;
    .port_info 0 /INPUT 1 "clk";
    .port_info 1 /INPUT 1 "reset";
    .port_info 2 /OUTPUT 3 "count";
o0000023fda5c21a8 .functor BUFZ 1, C4<z>; HiZ drive
v0000023fda5b4250_0 .net "clk", 0 0, o0000023fda5c21a8;  0 drivers
v0000023fda5b42f0_0 .var "count", 2 0;
o0000023fda5c2208 .functor BUFZ 1, C4<z>; HiZ drive
v0000023fda5b4390_0 .net "reset", 0 0, o0000023fda5c2208;  0 drivers
E_0000023fda5a66a0 .event posedge, v0000023fda5b4250_0;
    .scope S_0000023fda5ba890;
T_0 ;
    %wait E_0000023fda5a6420;
    %load/vec4 v0000023fda5bac00_0;
    %flag_set/vec4 8;
    %jmp/0xz  T_0.0, 8;
    %pushi/vec4 0, 0, 9;
    %assign/vec4 v0000023fda5bab60_0, 0;
    %jmp T_0.1;
T_0.0 ;
    %load/vec4 v0000023fda5bab60_0;
    %pad/u 32;
    %cmpi/e 5208, 0, 32;
    %jmp/0xz  T_0.2, 4;
    %pushi/vec4 0, 0, 9;
    %assign/vec4 v0000023fda5bab60_0, 0;
    %jmp T_0.3;
T_0.2 ;
    %load/vec4 v0000023fda5bab60_0;
    %addi 1, 0, 9;
    %assign/vec4 v0000023fda5bab60_0, 0;
T_0.3 ;
T_0.1 ;
    %jmp T_0;
    .thread T_0;
    .scope S_0000023fda5b40c0;
T_1 ;
    %wait E_0000023fda5a66a0;
    %load/vec4 v0000023fda5b4390_0;
    %flag_set/vec4 8;
    %jmp/0xz  T_1.0, 8;
    %pushi/vec4 0, 0, 3;
    %assign/vec4 v0000023fda5b42f0_0, 0;
    %jmp T_1.1;
T_1.0 ;
    %load/vec4 v0000023fda5b42f0_0;
    %addi 1, 0, 3;
    %assign/vec4 v0000023fda5b42f0_0, 0;
T_1.1 ;
    %jmp T_1;
    .thread T_1;
    .scope S_0000023fda5be200;
T_2 ;
    %wait E_0000023fda5a6660;
    %load/vec4 v0000023fda609e40_0;
    %flag_set/vec4 8;
    %jmp/0xz  T_2.0, 8;
    %pushi/vec4 0, 0, 2;
    %assign/vec4 v0000023fda609120_0, 0;
    %jmp T_2.1;
T_2.0 ;
    %load/vec4 v0000023fda609760_0;
    %assign/vec4 v0000023fda609120_0, 0;
T_2.1 ;
    %jmp T_2;
    .thread T_2, $push;
    .scope S_0000023fda5be200;
T_3 ;
    %wait E_0000023fda5a69a0;
    %load/vec4 v0000023fda609120_0;
    %dup/vec4;
    %pushi/vec4 0, 0, 2;
    %cmp/u;
    %jmp/1 T_3.0, 6;
    %dup/vec4;
    %pushi/vec4 1, 0, 2;
    %cmp/u;
    %jmp/1 T_3.1, 6;
    %dup/vec4;
    %pushi/vec4 2, 0, 2;
    %cmp/u;
    %jmp/1 T_3.2, 6;
    %jmp T_3.3;
T_3.0 ;
    %load/vec4 v0000023fda609ee0_0;
    %flag_set/vec4 8;
    %jmp/0xz  T_3.4, 8;
    %pushi/vec4 0, 0, 2;
    %assign/vec4 v0000023fda609760_0, 0;
    %jmp T_3.5;
T_3.4 ;
    %pushi/vec4 1, 0, 2;
    %assign/vec4 v0000023fda609760_0, 0;
T_3.5 ;
    %jmp T_3.3;
T_3.1 ;
    %load/vec4 v0000023fda6096c0_0;
    %dup/vec4;
    %pushi/vec4 0, 0, 3;
    %cmp/u;
    %jmp/1 T_3.6, 6;
    %dup/vec4;
    %pushi/vec4 1, 0, 3;
    %cmp/u;
    %jmp/1 T_3.7, 6;
    %dup/vec4;
    %pushi/vec4 2, 0, 3;
    %cmp/u;
    %jmp/1 T_3.8, 6;
    %dup/vec4;
    %pushi/vec4 3, 0, 3;
    %cmp/u;
    %jmp/1 T_3.9, 6;
    %dup/vec4;
    %pushi/vec4 4, 0, 3;
    %cmp/u;
    %jmp/1 T_3.10, 6;
    %dup/vec4;
    %pushi/vec4 5, 0, 3;
    %cmp/u;
    %jmp/1 T_3.11, 6;
    %dup/vec4;
    %pushi/vec4 6, 0, 3;
    %cmp/u;
    %jmp/1 T_3.12, 6;
    %dup/vec4;
    %pushi/vec4 7, 0, 3;
    %cmp/u;
    %jmp/1 T_3.13, 6;
    %jmp T_3.14;
T_3.6 ;
    %load/vec4 v0000023fda609ee0_0;
    %ix/load 4, 0, 0;
    %ix/load 5, 0, 0;
    %flag_set/imm 4, 0;
    %assign/vec4/off/d v0000023fda609940_0, 4, 5;
    %jmp T_3.14;
T_3.7 ;
    %load/vec4 v0000023fda609ee0_0;
    %ix/load 4, 1, 0;
    %ix/load 5, 0, 0;
    %flag_set/imm 4, 0;
    %assign/vec4/off/d v0000023fda609940_0, 4, 5;
    %jmp T_3.14;
T_3.8 ;
    %load/vec4 v0000023fda609ee0_0;
    %ix/load 4, 2, 0;
    %ix/load 5, 0, 0;
    %flag_set/imm 4, 0;
    %assign/vec4/off/d v0000023fda609940_0, 4, 5;
    %jmp T_3.14;
T_3.9 ;
    %load/vec4 v0000023fda609ee0_0;
    %ix/load 4, 3, 0;
    %ix/load 5, 0, 0;
    %flag_set/imm 4, 0;
    %assign/vec4/off/d v0000023fda609940_0, 4, 5;
    %jmp T_3.14;
T_3.10 ;
    %load/vec4 v0000023fda609ee0_0;
    %ix/load 4, 4, 0;
    %ix/load 5, 0, 0;
    %flag_set/imm 4, 0;
    %assign/vec4/off/d v0000023fda609940_0, 4, 5;
    %jmp T_3.14;
T_3.11 ;
    %load/vec4 v0000023fda609ee0_0;
    %ix/load 4, 5, 0;
    %ix/load 5, 0, 0;
    %flag_set/imm 4, 0;
    %assign/vec4/off/d v0000023fda609940_0, 4, 5;
    %jmp T_3.14;
T_3.12 ;
    %load/vec4 v0000023fda609ee0_0;
    %ix/load 4, 6, 0;
    %ix/load 5, 0, 0;
    %flag_set/imm 4, 0;
    %assign/vec4/off/d v0000023fda609940_0, 4, 5;
    %jmp T_3.14;
T_3.13 ;
    %load/vec4 v0000023fda609ee0_0;
    %ix/load 4, 7, 0;
    %ix/load 5, 0, 0;
    %flag_set/imm 4, 0;
    %assign/vec4/off/d v0000023fda609940_0, 4, 5;
    %pushi/vec4 2, 0, 2;
    %assign/vec4 v0000023fda609760_0, 0;
    %jmp T_3.14;
T_3.14 ;
    %pop/vec4 1;
    %jmp T_3.3;
T_3.2 ;
    %load/vec4 v0000023fda609ee0_0;
    %flag_set/vec4 8;
    %jmp/0xz  T_3.15, 8;
    %pushi/vec4 0, 0, 2;
    %assign/vec4 v0000023fda609760_0, 0;
    %jmp T_3.16;
T_3.15 ;
    %pushi/vec4 1, 0, 1;
    %assign/vec4 v0000023fda609a80_0, 0;
    %pushi/vec4 0, 0, 2;
    %assign/vec4 v0000023fda609760_0, 0;
T_3.16 ;
    %jmp T_3.3;
T_3.3 ;
    %pop/vec4 1;
    %jmp T_3;
    .thread T_3, $push;
# The file index is used to find the file name in the following table.
:file_names 5;
    "N/A";
    "<interactive>";
    "reciever.v";
    "baudRateGen.v";
    "8bitCounter.v";
