#! /c/Source/iverilog-install/bin/vvp
:ivl_version "12.0 (devel)" "(s20150603-1539-g2693dd32b)";
:ivl_delay_selection "TYPICAL";
:vpi_time_precision + 0;
:vpi_module "C:\iverilog\lib\ivl\system.vpi";
:vpi_module "C:\iverilog\lib\ivl\vhdl_sys.vpi";
:vpi_module "C:\iverilog\lib\ivl\vhdl_textio.vpi";
:vpi_module "C:\iverilog\lib\ivl\v2005_math.vpi";
:vpi_module "C:\iverilog\lib\ivl\va_math.vpi";
S_00000175bb34fdd0 .scope module, "transmitter" "transmitter" 2 1;
 .timescale 0 0;
    .port_info 0 /INPUT 1 "clk";
    .port_info 1 /INPUT 1 "reset";
    .port_info 2 /INPUT 8 "parallelData";
    .port_info 3 /INPUT 1 "start";
    .port_info 4 /OUTPUT 1 "serialData";
    .port_info 5 /OUTPUT 1 "done";
    .port_info 6 /OUTPUT 1 "busy";
    .port_info 7 /OUTPUT 1 "error";
P_00000175bb33a690 .param/l "s0" 1 2 12, C4<00>;
P_00000175bb33a6c8 .param/l "s1" 1 2 13, C4<01>;
P_00000175bb33a700 .param/l "s2" 1 2 14, C4<10>;
P_00000175bb33a738 .param/l "s3" 1 2 15, C4<11>;
L_00000175bb355730 .functor AND 1, L_00000175bb3aba00, L_00000175bb3ab460, C4<1>, C4<1>;
o00000175bb35c5d8 .functor BUFZ 1, C4<z>; HiZ drive
L_00000175bb3557a0 .functor AND 1, L_00000175bb3ab640, o00000175bb35c5d8, C4<1>, C4<1>;
L_00000175bb355c70 .functor AND 1, L_00000175bb3557a0, v00000175bb353410_0, C4<1>, C4<1>;
L_00000175bb3ac428 .functor BUFT 1, C4<10>, C4<0>, C4<0>, C4<0>;
v00000175bb3449e0_0 .net/2u *"_ivl_0", 1 0, L_00000175bb3ac428;  1 drivers
L_00000175bb3ac4b8 .functor BUFT 1, C4<00>, C4<0>, C4<0>, C4<0>;
v00000175bb3446c0_0 .net/2u *"_ivl_10", 1 0, L_00000175bb3ac4b8;  1 drivers
v00000175bb3443a0_0 .net *"_ivl_12", 0 0, L_00000175bb3ab640;  1 drivers
v00000175bb344a80_0 .net *"_ivl_15", 0 0, L_00000175bb3557a0;  1 drivers
v00000175bb3441c0_0 .net *"_ivl_2", 0 0, L_00000175bb3aba00;  1 drivers
L_00000175bb3ac470 .functor BUFT 1, C4<1111>, C4<0>, C4<0>, C4<0>;
v00000175bb344580_0 .net/2u *"_ivl_4", 3 0, L_00000175bb3ac470;  1 drivers
v00000175bb343b80_0 .net *"_ivl_6", 0 0, L_00000175bb3ab460;  1 drivers
v00000175bb343c20_0 .var "busy", 0 0;
v00000175bb343cc0_0 .net "clearCounters", 0 0, L_00000175bb355c70;  1 drivers
o00000175bb35bf48 .functor BUFZ 1, C4<z>; HiZ drive
v00000175bb344260_0 .net "clk", 0 0, o00000175bb35bf48;  0 drivers
v00000175bb344620_0 .net "countTx", 2 0, v00000175bb353780_0;  1 drivers
v00000175bb343fe0_0 .var "done", 0 0;
v00000175bb344300_0 .net "enable", 0 0, L_00000175bb355730;  1 drivers
v00000175bb343d60_0 .var "error", 0 0;
v00000175bb343e00_0 .var "nextState", 1 0;
o00000175bb35c578 .functor BUFZ 8, C4<zzzzzzzz>; HiZ drive
v00000175bb344440_0 .net "parallelData", 7 0, o00000175bb35c578;  0 drivers
o00000175bb35bfa8 .functor BUFZ 1, C4<z>; HiZ drive
v00000175bb3444e0_0 .net "reset", 0 0, o00000175bb35bfa8;  0 drivers
v00000175bb3aace0_0 .net "sampleCountTx", 3 0, v00000175bb344940_0;  1 drivers
v00000175bb3aa880_0 .net "sampleSignal", 0 0, v00000175bb353410_0;  1 drivers
v00000175bb3aa920_0 .var "serialData", 0 0;
v00000175bb3aa9c0_0 .net "start", 0 0, o00000175bb35c5d8;  0 drivers
v00000175bb3ab0a0_0 .var "state", 1 0;
v00000175bb3aad80_0 .var "storage", 7 0;
E_00000175bb337b50/0 .event anyedge, v00000175bb3ab0a0_0, v00000175bb3aa9c0_0, v00000175bb353410_0, v00000175bb344940_0;
E_00000175bb337b50/1 .event anyedge, v00000175bb353780_0, v00000175bb3aad80_0;
E_00000175bb337b50 .event/or E_00000175bb337b50/0, E_00000175bb337b50/1;
L_00000175bb3aba00 .cmp/eq 2, v00000175bb3ab0a0_0, L_00000175bb3ac428;
L_00000175bb3ab460 .cmp/eq 4, v00000175bb344940_0, L_00000175bb3ac470;
L_00000175bb3ab640 .cmp/eq 2, v00000175bb3ab0a0_0, L_00000175bb3ac4b8;
S_00000175bb34ff60 .scope module, "baud" "baudRateGen" 2 24, 3 1 0, S_00000175bb34fdd0;
 .timescale 0 0;
    .port_info 0 /INPUT 1 "clk";
    .port_info 1 /INPUT 1 "reset";
    .port_info 2 /OUTPUT 1 "sampleSignal";
P_00000175bb3500f0 .param/l "baudRate" 0 3 3, +C4<00000000000000000010010110000000>;
P_00000175bb350128 .param/l "clkFreq" 0 3 2, +C4<00000010111110101111000010000000>;
P_00000175bb350160 .param/l "divisor" 0 3 10, +C4<00000000000000000000000101000101>;
v00000175bb2f6e50_0 .net "clk", 0 0, o00000175bb35bf48;  alias, 0 drivers
v00000175bb2f7070_0 .var "clkCount", 12 0;
v00000175bb3501a0_0 .net "reset", 0 0, o00000175bb35bfa8;  alias, 0 drivers
v00000175bb353410_0 .var "sampleSignal", 0 0;
E_00000175bb337990 .event posedge, v00000175bb2f6e50_0;
S_00000175bb3534b0 .scope module, "count" "bitCounterTx" 2 31, 4 1 0, S_00000175bb34fdd0;
 .timescale 0 0;
    .port_info 0 /INPUT 1 "clk";
    .port_info 1 /INPUT 1 "reset";
    .port_info 2 /INPUT 1 "enable";
    .port_info 3 /INPUT 1 "clear";
    .port_info 4 /INPUT 1 "sampleSignal";
    .port_info 5 /OUTPUT 3 "countTx";
v00000175bb353640_0 .net "clear", 0 0, L_00000175bb355c70;  alias, 1 drivers
v00000175bb3536e0_0 .net "clk", 0 0, o00000175bb35bf48;  alias, 0 drivers
v00000175bb353780_0 .var "countTx", 2 0;
v00000175bb344760_0 .net "enable", 0 0, L_00000175bb355730;  alias, 1 drivers
v00000175bb344080_0 .net "reset", 0 0, o00000175bb35bfa8;  alias, 0 drivers
v00000175bb3448a0_0 .net "sampleSignal", 0 0, v00000175bb353410_0;  alias, 1 drivers
E_00000175bb337a10 .event posedge, v00000175bb3501a0_0, v00000175bb2f6e50_0;
S_00000175bb2f67f0 .scope module, "sampleCount" "sampleCounterTx" 2 41, 5 1 0, S_00000175bb34fdd0;
 .timescale 0 0;
    .port_info 0 /INPUT 1 "sampleSignal";
    .port_info 1 /INPUT 1 "clk";
    .port_info 2 /INPUT 1 "reset";
    .port_info 3 /INPUT 1 "clear";
    .port_info 4 /OUTPUT 4 "sampleCountTx";
v00000175bb343ea0_0 .net "clear", 0 0, L_00000175bb355c70;  alias, 1 drivers
v00000175bb344800_0 .net "clk", 0 0, o00000175bb35bf48;  alias, 0 drivers
v00000175bb344120_0 .net "reset", 0 0, o00000175bb35bfa8;  alias, 0 drivers
v00000175bb344940_0 .var "sampleCountTx", 3 0;
v00000175bb343f40_0 .net "sampleSignal", 0 0, v00000175bb353410_0;  alias, 1 drivers
    .scope S_00000175bb34ff60;
T_0 ;
    %wait E_00000175bb337990;
    %load/vec4 v00000175bb3501a0_0;
    %flag_set/vec4 8;
    %jmp/0xz  T_0.0, 8;
    %pushi/vec4 0, 0, 13;
    %assign/vec4 v00000175bb2f7070_0, 0;
    %pushi/vec4 0, 0, 1;
    %assign/vec4 v00000175bb353410_0, 0;
    %jmp T_0.1;
T_0.0 ;
    %load/vec4 v00000175bb2f7070_0;
    %pad/u 32;
    %cmpi/e 324, 0, 32;
    %jmp/0xz  T_0.2, 4;
    %pushi/vec4 0, 0, 13;
    %assign/vec4 v00000175bb2f7070_0, 0;
    %pushi/vec4 1, 0, 1;
    %assign/vec4 v00000175bb353410_0, 0;
    %jmp T_0.3;
T_0.2 ;
    %load/vec4 v00000175bb2f7070_0;
    %addi 1, 0, 13;
    %assign/vec4 v00000175bb2f7070_0, 0;
    %pushi/vec4 0, 0, 1;
    %assign/vec4 v00000175bb353410_0, 0;
T_0.3 ;
T_0.1 ;
    %jmp T_0;
    .thread T_0;
    .scope S_00000175bb3534b0;
T_1 ;
    %wait E_00000175bb337a10;
    %load/vec4 v00000175bb344080_0;
    %flag_set/vec4 8;
    %jmp/0xz  T_1.0, 8;
    %pushi/vec4 0, 0, 3;
    %assign/vec4 v00000175bb353780_0, 0;
    %jmp T_1.1;
T_1.0 ;
    %load/vec4 v00000175bb353640_0;
    %flag_set/vec4 8;
    %jmp/0xz  T_1.2, 8;
    %pushi/vec4 0, 0, 3;
    %assign/vec4 v00000175bb353780_0, 0;
    %jmp T_1.3;
T_1.2 ;
    %load/vec4 v00000175bb3448a0_0;
    %flag_set/vec4 8;
    %jmp/0xz  T_1.4, 8;
    %load/vec4 v00000175bb344760_0;
    %flag_set/vec4 8;
    %jmp/0xz  T_1.6, 8;
    %load/vec4 v00000175bb353780_0;
    %addi 1, 0, 3;
    %assign/vec4 v00000175bb353780_0, 0;
T_1.6 ;
T_1.4 ;
T_1.3 ;
T_1.1 ;
    %jmp T_1;
    .thread T_1;
    .scope S_00000175bb2f67f0;
T_2 ;
    %wait E_00000175bb337a10;
    %load/vec4 v00000175bb344120_0;
    %flag_set/vec4 8;
    %jmp/0xz  T_2.0, 8;
    %pushi/vec4 0, 0, 4;
    %assign/vec4 v00000175bb344940_0, 0;
    %jmp T_2.1;
T_2.0 ;
    %load/vec4 v00000175bb343ea0_0;
    %flag_set/vec4 8;
    %jmp/0xz  T_2.2, 8;
    %pushi/vec4 0, 0, 4;
    %assign/vec4 v00000175bb344940_0, 0;
    %jmp T_2.3;
T_2.2 ;
    %load/vec4 v00000175bb343f40_0;
    %flag_set/vec4 8;
    %jmp/0xz  T_2.4, 8;
    %load/vec4 v00000175bb344940_0;
    %addi 1, 0, 4;
    %assign/vec4 v00000175bb344940_0, 0;
T_2.4 ;
T_2.3 ;
T_2.1 ;
    %jmp T_2;
    .thread T_2;
    .scope S_00000175bb34fdd0;
T_3 ;
    %wait E_00000175bb337a10;
    %load/vec4 v00000175bb3444e0_0;
    %flag_set/vec4 8;
    %jmp/0xz  T_3.0, 8;
    %pushi/vec4 0, 0, 2;
    %assign/vec4 v00000175bb3ab0a0_0, 0;
    %pushi/vec4 0, 0, 8;
    %assign/vec4 v00000175bb3aad80_0, 0;
    %jmp T_3.1;
T_3.0 ;
    %load/vec4 v00000175bb3aa880_0;
    %flag_set/vec4 8;
    %jmp/0xz  T_3.2, 8;
    %load/vec4 v00000175bb343e00_0;
    %assign/vec4 v00000175bb3ab0a0_0, 0;
T_3.2 ;
    %load/vec4 v00000175bb343cc0_0;
    %flag_set/vec4 8;
    %jmp/0xz  T_3.4, 8;
    %load/vec4 v00000175bb344440_0;
    %assign/vec4 v00000175bb3aad80_0, 0;
T_3.4 ;
T_3.1 ;
    %jmp T_3;
    .thread T_3;
    .scope S_00000175bb34fdd0;
T_4 ;
    %wait E_00000175bb337b50;
    %pushi/vec4 1, 0, 1;
    %store/vec4 v00000175bb3aa920_0, 0, 1;
    %pushi/vec4 0, 0, 1;
    %store/vec4 v00000175bb343fe0_0, 0, 1;
    %pushi/vec4 0, 0, 1;
    %store/vec4 v00000175bb343c20_0, 0, 1;
    %pushi/vec4 0, 0, 1;
    %store/vec4 v00000175bb343d60_0, 0, 1;
    %load/vec4 v00000175bb3ab0a0_0;
    %store/vec4 v00000175bb343e00_0, 0, 2;
    %load/vec4 v00000175bb3ab0a0_0;
    %dup/vec4;
    %pushi/vec4 0, 0, 2;
    %cmp/u;
    %jmp/1 T_4.0, 6;
    %dup/vec4;
    %pushi/vec4 1, 0, 2;
    %cmp/u;
    %jmp/1 T_4.1, 6;
    %dup/vec4;
    %pushi/vec4 2, 0, 2;
    %cmp/u;
    %jmp/1 T_4.2, 6;
    %dup/vec4;
    %pushi/vec4 3, 0, 2;
    %cmp/u;
    %jmp/1 T_4.3, 6;
    %pushi/vec4 0, 0, 2;
    %store/vec4 v00000175bb343e00_0, 0, 2;
    %jmp T_4.5;
T_4.0 ;
    %load/vec4 v00000175bb3aa9c0_0;
    %flag_set/vec4 9;
    %flag_get/vec4 9;
    %jmp/0 T_4.8, 9;
    %load/vec4 v00000175bb3aa880_0;
    %and;
T_4.8;
    %flag_set/vec4 8;
    %jmp/0xz  T_4.6, 8;
    %pushi/vec4 1, 0, 2;
    %store/vec4 v00000175bb343e00_0, 0, 2;
T_4.6 ;
    %jmp T_4.5;
T_4.1 ;
    %pushi/vec4 0, 0, 1;
    %store/vec4 v00000175bb3aa920_0, 0, 1;
    %pushi/vec4 1, 0, 1;
    %store/vec4 v00000175bb343c20_0, 0, 1;
    %load/vec4 v00000175bb3aa880_0;
    %flag_set/vec4 9;
    %flag_get/vec4 9;
    %jmp/0 T_4.11, 9;
    %load/vec4 v00000175bb3aace0_0;
    %pushi/vec4 15, 0, 4;
    %cmp/e;
    %flag_get/vec4 4;
    %and;
T_4.11;
    %flag_set/vec4 8;
    %jmp/0xz  T_4.9, 8;
    %pushi/vec4 2, 0, 2;
    %store/vec4 v00000175bb343e00_0, 0, 2;
T_4.9 ;
    %jmp T_4.5;
T_4.2 ;
    %load/vec4 v00000175bb3aad80_0;
    %load/vec4 v00000175bb344620_0;
    %part/u 1;
    %store/vec4 v00000175bb3aa920_0, 0, 1;
    %pushi/vec4 1, 0, 1;
    %store/vec4 v00000175bb343c20_0, 0, 1;
    %load/vec4 v00000175bb3aa880_0;
    %flag_set/vec4 10;
    %flag_get/vec4 10;
    %jmp/0 T_4.15, 10;
    %load/vec4 v00000175bb3aace0_0;
    %pushi/vec4 15, 0, 4;
    %cmp/e;
    %flag_get/vec4 4;
    %and;
T_4.15;
    %flag_set/vec4 9;
    %flag_get/vec4 9;
    %jmp/0 T_4.14, 9;
    %load/vec4 v00000175bb344620_0;
    %pushi/vec4 7, 0, 3;
    %cmp/e;
    %flag_get/vec4 4;
    %and;
T_4.14;
    %flag_set/vec4 8;
    %jmp/0xz  T_4.12, 8;
    %pushi/vec4 3, 0, 2;
    %store/vec4 v00000175bb343e00_0, 0, 2;
T_4.12 ;
    %jmp T_4.5;
T_4.3 ;
    %pushi/vec4 1, 0, 1;
    %store/vec4 v00000175bb3aa920_0, 0, 1;
    %pushi/vec4 1, 0, 1;
    %store/vec4 v00000175bb343c20_0, 0, 1;
    %load/vec4 v00000175bb3aa880_0;
    %flag_set/vec4 9;
    %flag_get/vec4 9;
    %jmp/0 T_4.18, 9;
    %load/vec4 v00000175bb3aace0_0;
    %pushi/vec4 15, 0, 4;
    %cmp/e;
    %flag_get/vec4 4;
    %and;
T_4.18;
    %flag_set/vec4 8;
    %jmp/0xz  T_4.16, 8;
    %pushi/vec4 0, 0, 2;
    %store/vec4 v00000175bb343e00_0, 0, 2;
    %pushi/vec4 1, 0, 1;
    %store/vec4 v00000175bb343fe0_0, 0, 1;
T_4.16 ;
    %jmp T_4.5;
T_4.5 ;
    %pop/vec4 1;
    %jmp T_4;
    .thread T_4, $push;
# The file index is used to find the file name in the following table.
:file_names 6;
    "N/A";
    "<interactive>";
    "transmitter.v";
    "baudRateGen.v";
    "bitCounterTx.v";
    "sampleCounterTx.v";
